---
source: src/test_support.rs
expression: describe_buffer(terminal.backend().buffer())
---
area=Rect { x: 0, y: 0, width: 40, height: 12 }
00: "                                        "
01: "                                        "
02: "                                        "
03: "          ┌──────────────────┐          " | 10:"┌" fg=Reset bg=Reset mod=NONE, 11:"─" fg=Reset bg=Reset mod=NONE, 12:"─" fg=Reset bg=Reset mod=NONE, 13:"─" fg=Reset bg=Reset mod=NONE, 14:"─" fg=Reset bg=Reset mod=NONE, 15:"─" fg=Reset bg=Reset mod=NONE, 16:"─" fg=Reset bg=Reset mod=NONE, 17:"─" fg=Reset bg=Reset mod=NONE, 18:"─" fg=Reset bg=Reset mod=NONE, 19:"─" fg=Reset bg=Reset mod=NONE, 20:"─" fg=Reset bg=Reset mod=NONE, 21:"─" fg=Reset bg=Reset mod=NONE, 22:"─" fg=Reset bg=Reset mod=NONE, 23:"─" fg=Reset bg=Reset mod=NONE, 24:"─" fg=Reset bg=Reset mod=NONE, 25:"─" fg=Reset bg=Reset mod=NONE, 26:"─" fg=Reset bg=Reset mod=NONE, 27:"─" fg=Reset bg=Reset mod=NONE, 28:"─" fg=Reset bg=Reset mod=NONE, 29:"┐" fg=Reset bg=Reset mod=NONE
04: "          │  New             │          " | 10:"│" fg=Reset bg=Reset mod=NONE, 11:" " fg=Rgb(128, 138, 158) bg=Reset mod=NONE, 12:" " fg=Rgb(128, 138, 158) bg=Reset mod=NONE, 13:"N" fg=Reset bg=Reset mod=NONE, 14:"e" fg=Reset bg=Reset mod=NONE, 15:"w" fg=Reset bg=Reset mod=NONE, 29:"│" fg=Reset bg=Reset mod=NONE
05: "          │  In Progress     │          " | 10:"│" fg=Reset bg=Reset mod=NONE, 11:" " fg=Rgb(128, 138, 158) bg=Reset mod=NONE, 12:" " fg=Rgb(128, 138, 158) bg=Reset mod=NONE, 13:"I" fg=Reset bg=Reset mod=NONE, 14:"n" fg=Reset bg=Reset mod=NONE, 16:"P" fg=Reset bg=Reset mod=NONE, 17:"r" fg=Reset bg=Reset mod=NONE, 18:"o" fg=Reset bg=Reset mod=NONE, 19:"g" fg=Reset bg=Reset mod=NONE, 20:"r" fg=Reset bg=Reset mod=NONE, 21:"e" fg=Reset bg=Reset mod=NONE, 22:"s" fg=Reset bg=Reset mod=NONE, 23:"s" fg=Reset bg=Reset mod=NONE, 29:"│" fg=Reset bg=Reset mod=NONE
06: "          │› Waiting for exte│          " | 10:"│" fg=Reset bg=Reset mod=NONE, 11:"›" fg=Rgb(122, 162, 247) bg=Rgb(46, 58, 85) mod=BOLD, 12:" " fg=Rgb(122, 162, 247) bg=Rgb(46, 58, 85) mod=BOLD, 13:"W" fg=Reset bg=Rgb(46, 58, 85) mod=BOLD, 14:"a" fg=Reset bg=Rgb(46, 58, 85) mod=BOLD, 15:"i" fg=Reset bg=Rgb(46, 58, 85) mod=BOLD, 16:"t" fg=Reset bg=Rgb(46, 58, 85) mod=BOLD, 17:"i" fg=Reset bg=Rgb(46, 58, 85) mod=BOLD, 18:"n" fg=Reset bg=Rgb(46, 58, 85) mod=BOLD, 19:"g" fg=Reset bg=Rgb(46, 58, 85) mod=BOLD, 20:" " fg=Reset bg=Rgb(46, 58, 85) mod=BOLD, 21:"f" fg=Reset bg=Rgb(46, 58, 85) mod=BOLD, 22:"o" fg=Reset bg=Rgb(46, 58, 85) mod=BOLD, 23:"r" fg=Reset bg=Rgb(46, 58, 85) mod=BOLD, 24:" " fg=Reset bg=Rgb(46, 58, 85) mod=BOLD, 25:"e" fg=Reset bg=Rgb(46, 58, 85) mod=BOLD, 26:"x" fg=Reset bg=Rgb(46, 58, 85) mod=BOLD, 27:"t" fg=Reset bg=Rgb(46, 58, 85) mod=BOLD, 28:"e" fg=Reset bg=Rgb(46, 58, 85) mod=BOLD, 29:"│" fg=Reset bg=Reset mod=NONE
07: "          │  Closed          │          " | 10:"│" fg=Reset bg=Reset mod=NONE, 11:" " fg=Rgb(128, 138, 158) bg=Reset mod=NONE, 12:" " fg=Rgb(128, 138, 158) bg=Reset mod=NONE, 13:"C" fg=Reset bg=Reset mod=NONE, 14:"l" fg=Reset bg=Reset mod=NONE, 15:"o" fg=Reset bg=Reset mod=NONE, 16:"s" fg=Reset bg=Reset mod=NONE, 17:"e" fg=Reset bg=Reset mod=NONE, 18:"d" fg=Reset bg=Reset mod=NONE, 29:"│" fg=Reset bg=Reset mod=NONE
08: "          └ j/k 移 動  · Enter ┘          " | 10:"└" fg=Reset bg=Reset mod=NONE, 11:" " fg=Rgb(128, 138, 158) bg=Reset mod=NONE, 12:"j" fg=Rgb(128, 138, 158) bg=Reset mod=NONE, 13:"/" fg=Rgb(128, 138, 158) bg=Reset mod=NONE, 14:"k" fg=Rgb(128, 138, 158) bg=Reset mod=NONE, 15:" " fg=Rgb(128, 138, 158) bg=Reset mod=NONE, 16:"移" fg=Rgb(128, 138, 158) bg=Reset mod=NONE, 18:"動" fg=Rgb(128, 138, 158) bg=Reset mod=NONE, 20:" " fg=Rgb(128, 138, 158) bg=Reset mod=NONE, 21:"·" fg=Rgb(128, 138, 158) bg=Reset mod=NONE, 22:" " fg=Rgb(128, 138, 158) bg=Reset mod=NONE, 23:"E" fg=Rgb(128, 138, 158) bg=Reset mod=NONE, 24:"n" fg=Rgb(128, 138, 158) bg=Reset mod=NONE, 25:"t" fg=Rgb(128, 138, 158) bg=Reset mod=NONE, 26:"e" fg=Rgb(128, 138, 158) bg=Reset mod=NONE, 27:"r" fg=Rgb(128, 138, 158) bg=Reset mod=NONE, 28:" " fg=Rgb(128, 138, 158) bg=Reset mod=NONE, 29:"┘" fg=Reset bg=Reset mod=NONE
09: "                                        "
10: "                                        "
11: "                                        "
