---
source: src/test_support.rs
expression: describe_buffer(terminal.backend().buffer())
---
area=Rect { x: 0, y: 0, width: 32, height: 7 }
00: "● aliceが 2026/01/15に 更 新        " | 0:"●" fg=Rgb(74, 83, 102) bg=Reset mod=NONE, 2:"a" fg=Blue bg=Reset mod=NONE, 3:"l" fg=Blue bg=Reset mod=NONE, 4:"i" fg=Blue bg=Reset mod=NONE, 5:"c" fg=Blue bg=Reset mod=NONE, 6:"e" fg=Blue bg=Reset mod=NONE, 7:"が" fg=Reset bg=Reset mod=NONE, 9:"2" fg=Blue bg=Reset mod=NONE, 10:"0" fg=Blue bg=Reset mod=NONE, 11:"2" fg=Blue bg=Reset mod=NONE, 12:"6" fg=Blue bg=Reset mod=NONE, 13:"/" fg=Blue bg=Reset mod=NONE, 14:"0" fg=Blue bg=Reset mod=NONE, 15:"1" fg=Blue bg=Reset mod=NONE, 16:"/" fg=Blue bg=Reset mod=NONE, 17:"1" fg=Blue bg=Reset mod=NONE, 18:"5" fg=Blue bg=Reset mod=NONE, 19:"に" fg=Reset bg=Reset mod=NONE, 21:"更" fg=Reset bg=Reset mod=NONE, 23:"新" fg=Reset bg=Reset mod=NONE
01: "│                               " | 0:"│" fg=Rgb(74, 83, 102) bg=Reset mod=NONE
02: "│                               " | 0:"│" fg=Rgb(74, 83, 102) bg=Reset mod=NONE
03: "│ remote notes                  " | 0:"│" fg=Rgb(74, 83, 102) bg=Reset mod=NONE, 2:"r" fg=Reset bg=Reset mod=NONE, 3:"e" fg=Reset bg=Reset mod=NONE, 4:"m" fg=Reset bg=Reset mod=NONE, 5:"o" fg=Reset bg=Reset mod=NONE, 6:"t" fg=Reset bg=Reset mod=NONE, 7:"e" fg=Reset bg=Reset mod=NONE, 9:"n" fg=Reset bg=Reset mod=NONE, 10:"o" fg=Reset bg=Reset mod=NONE, 11:"t" fg=Reset bg=Reset mod=NONE, 12:"e" fg=Reset bg=Reset mod=NONE, 13:"s" fg=Reset bg=Reset mod=NONE
04: "                                "
05: "  ╭──────────╮                  " | 2:"╭" fg=Rgb(122, 162, 247) bg=Reset mod=NONE, 3:"─" fg=Rgb(122, 162, 247) bg=Reset mod=NONE, 4:"─" fg=Rgb(122, 162, 247) bg=Reset mod=NONE, 5:"─" fg=Rgb(122, 162, 247) bg=Reset mod=NONE, 6:"─" fg=Rgb(122, 162, 247) bg=Reset mod=NONE, 7:"─" fg=Rgb(122, 162, 247) bg=Reset mod=NONE, 8:"─" fg=Rgb(122, 162, 247) bg=Reset mod=NONE, 9:"─" fg=Rgb(122, 162, 247) bg=Reset mod=NONE, 10:"─" fg=Rgb(122, 162, 247) bg=Reset mod=NONE, 11:"─" fg=Rgb(122, 162, 247) bg=Reset mod=NONE, 12:"─" fg=Rgb(122, 162, 247) bg=Reset mod=NONE, 13:"╮" fg=Rgb(122, 162, 247) bg=Reset mod=NONE
06: "  ╰──────────╯                  " | 2:"╰" fg=Rgb(122, 162, 247) bg=Reset mod=NONE, 3:"─" fg=Rgb(122, 162, 247) bg=Reset mod=NONE, 4:"─" fg=Rgb(122, 162, 247) bg=Reset mod=NONE, 5:"─" fg=Rgb(122, 162, 247) bg=Reset mod=NONE, 6:"─" fg=Rgb(122, 162, 247) bg=Reset mod=NONE, 7:"─" fg=Rgb(122, 162, 247) bg=Reset mod=NONE, 8:"─" fg=Rgb(122, 162, 247) bg=Reset mod=NONE, 9:"─" fg=Rgb(122, 162, 247) bg=Reset mod=NONE, 10:"─" fg=Rgb(122, 162, 247) bg=Reset mod=NONE, 11:"─" fg=Rgb(122, 162, 247) bg=Reset mod=NONE, 12:"─" fg=Rgb(122, 162, 247) bg=Reset mod=NONE, 13:"╯" fg=Rgb(122, 162, 247) bg=Reset mod=NONE
