---
source: src/test_support.rs
expression: describe_buffer(terminal.backend().buffer())
---
area=Rect { x: 0, y: 0, width: 18, height: 10 }
00: "│ # Heading       " | 0:"│" fg=Rgb(74, 83, 102) bg=Reset mod=NONE, 2:"#" fg=Reset bg=Cyan mod=BOLD | UNDERLINED, 3:" " fg=Reset bg=Cyan mod=BOLD | UNDERLINED, 4:"H" fg=Reset bg=Cyan mod=BOLD | UNDERLINED, 5:"e" fg=Reset bg=Cyan mod=BOLD | UNDERLINED, 6:"a" fg=Reset bg=Cyan mod=BOLD | UNDERLINED, 7:"d" fg=Reset bg=Cyan mod=BOLD | UNDERLINED, 8:"i" fg=Reset bg=Cyan mod=BOLD | UNDERLINED, 9:"n" fg=Reset bg=Cyan mod=BOLD | UNDERLINED, 10:"g" fg=Reset bg=Cyan mod=BOLD | UNDERLINED
01: "│                 " | 0:"│" fg=Rgb(74, 83, 102) bg=Reset mod=NONE
02: "│ - first item    " | 0:"│" fg=Rgb(74, 83, 102) bg=Reset mod=NONE, 2:"-" fg=Reset bg=Reset mod=NONE, 4:"f" fg=Reset bg=Reset mod=NONE, 5:"i" fg=Reset bg=Reset mod=NONE, 6:"r" fg=Reset bg=Reset mod=NONE, 7:"s" fg=Reset bg=Reset mod=NONE, 8:"t" fg=Reset bg=Reset mod=NONE, 10:"i" fg=Reset bg=Reset mod=NONE, 11:"t" fg=Reset bg=Reset mod=NONE, 12:"e" fg=Reset bg=Reset mod=NONE, 13:"m" fg=Reset bg=Reset mod=NONE
03: "│ with bold       " | 0:"│" fg=Rgb(74, 83, 102) bg=Reset mod=NONE, 2:"w" fg=Reset bg=Reset mod=NONE, 3:"i" fg=Reset bg=Reset mod=NONE, 4:"t" fg=Reset bg=Reset mod=NONE, 5:"h" fg=Reset bg=Reset mod=NONE, 7:"b" fg=Reset bg=Reset mod=BOLD, 8:"o" fg=Reset bg=Reset mod=BOLD, 9:"l" fg=Reset bg=Reset mod=BOLD, 10:"d" fg=Reset bg=Reset mod=BOLD
04: "│ - second item   " | 0:"│" fg=Rgb(74, 83, 102) bg=Reset mod=NONE, 2:"-" fg=Reset bg=Reset mod=NONE, 4:"s" fg=Reset bg=Reset mod=NONE, 5:"e" fg=Reset bg=Reset mod=NONE, 6:"c" fg=Reset bg=Reset mod=NONE, 7:"o" fg=Reset bg=Reset mod=NONE, 8:"n" fg=Reset bg=Reset mod=NONE, 9:"d" fg=Reset bg=Reset mod=NONE, 11:"i" fg=Reset bg=Reset mod=NONE, 12:"t" fg=Reset bg=Reset mod=NONE, 13:"e" fg=Reset bg=Reset mod=NONE, 14:"m" fg=Reset bg=Reset mod=NONE
05: "│ with italic     " | 0:"│" fg=Rgb(74, 83, 102) bg=Reset mod=NONE, 2:"w" fg=Reset bg=Reset mod=NONE, 3:"i" fg=Reset bg=Reset mod=NONE, 4:"t" fg=Reset bg=Reset mod=NONE, 5:"h" fg=Reset bg=Reset mod=NONE, 7:"i" fg=Reset bg=Reset mod=ITALIC, 8:"t" fg=Reset bg=Reset mod=ITALIC, 9:"a" fg=Reset bg=Reset mod=ITALIC, 10:"l" fg=Reset bg=Reset mod=ITALIC, 11:"i" fg=Reset bg=Reset mod=ITALIC, 12:"c" fg=Reset bg=Reset mod=ITALIC
06: "│                 " | 0:"│" fg=Rgb(74, 83, 102) bg=Reset mod=NONE
07: "│ Paragraph text  " | 0:"│" fg=Rgb(74, 83, 102) bg=Reset mod=NONE, 2:"P" fg=Reset bg=Reset mod=NONE, 3:"a" fg=Reset bg=Reset mod=NONE, 4:"r" fg=Reset bg=Reset mod=NONE, 5:"a" fg=Reset bg=Reset mod=NONE, 6:"g" fg=Reset bg=Reset mod=NONE, 7:"r" fg=Reset bg=Reset mod=NONE, 8:"a" fg=Reset bg=Reset mod=NONE, 9:"p" fg=Reset bg=Reset mod=NONE, 10:"h" fg=Reset bg=Reset mod=NONE, 12:"t" fg=Reset bg=Reset mod=NONE, 13:"e" fg=Reset bg=Reset mod=NONE, 14:"x" fg=Reset bg=Reset mod=NONE, 15:"t" fg=Reset bg=Reset mod=NONE
08: "│ with link       " | 0:"│" fg=Rgb(74, 83, 102) bg=Reset mod=NONE, 2:"w" fg=Reset bg=Reset mod=NONE, 3:"i" fg=Reset bg=Reset mod=NONE, 4:"t" fg=Reset bg=Reset mod=NONE, 5:"h" fg=Reset bg=Reset mod=NONE, 7:"l" fg=Reset bg=Reset mod=NONE, 8:"i" fg=Reset bg=Reset mod=NONE, 9:"n" fg=Reset bg=Reset mod=NONE, 10:"k" fg=Reset bg=Reset mod=NONE
09: "│ (https://example" | 0:"│" fg=Rgb(74, 83, 102) bg=Reset mod=NONE, 2:"(" fg=Reset bg=Reset mod=NONE, 3:"h" fg=Blue bg=Reset mod=UNDERLINED, 4:"t" fg=Blue bg=Reset mod=UNDERLINED, 5:"t" fg=Blue bg=Reset mod=UNDERLINED, 6:"p" fg=Blue bg=Reset mod=UNDERLINED, 7:"s" fg=Blue bg=Reset mod=UNDERLINED, 8:":" fg=Blue bg=Reset mod=UNDERLINED, 9:"/" fg=Blue bg=Reset mod=UNDERLINED, 10:"/" fg=Blue bg=Reset mod=UNDERLINED, 11:"e" fg=Blue bg=Reset mod=UNDERLINED, 12:"x" fg=Blue bg=Reset mod=UNDERLINED, 13:"a" fg=Blue bg=Reset mod=UNDERLINED, 14:"m" fg=Blue bg=Reset mod=UNDERLINED, 15:"p" fg=Blue bg=Reset mod=UNDERLINED, 16:"l" fg=Blue bg=Reset mod=UNDERLINED, 17:"e" fg=Blue bg=Reset mod=UNDERLINED
