---
source: src/test_support.rs
assertion_line: 28
expression: describe_buffer(terminal.backend().buffer())
---
area=Rect { x: 0, y: 0, width: 32, height: 8 }
00: "# Heading                       " | 0:"#" fg=Reset bg=Cyan mod=BOLD | UNDERLINED, 1:" " fg=Reset bg=Cyan mod=BOLD | UNDERLINED, 2:"H" fg=Reset bg=Cyan mod=BOLD | UNDERLINED, 3:"e" fg=Reset bg=Cyan mod=BOLD | UNDERLINED, 4:"a" fg=Reset bg=Cyan mod=BOLD | UNDERLINED, 5:"d" fg=Reset bg=Cyan mod=BOLD | UNDERLINED, 6:"i" fg=Reset bg=Cyan mod=BOLD | UNDERLINED, 7:"n" fg=Reset bg=Cyan mod=BOLD | UNDERLINED, 8:"g" fg=Reset bg=Cyan mod=BOLD | UNDERLINED
01: "                                "
02: "- first item with bold          " | 0:"-" fg=Reset bg=Reset mod=NONE, 2:"f" fg=Reset bg=Reset mod=NONE, 3:"i" fg=Reset bg=Reset mod=NONE, 4:"r" fg=Reset bg=Reset mod=NONE, 5:"s" fg=Reset bg=Reset mod=NONE, 6:"t" fg=Reset bg=Reset mod=NONE, 8:"i" fg=Reset bg=Reset mod=NONE, 9:"t" fg=Reset bg=Reset mod=NONE, 10:"e" fg=Reset bg=Reset mod=NONE, 11:"m" fg=Reset bg=Reset mod=NONE, 13:"w" fg=Reset bg=Reset mod=NONE, 14:"i" fg=Reset bg=Reset mod=NONE, 15:"t" fg=Reset bg=Reset mod=NONE, 16:"h" fg=Reset bg=Reset mod=NONE, 18:"b" fg=Reset bg=Reset mod=BOLD, 19:"o" fg=Reset bg=Reset mod=BOLD, 20:"l" fg=Reset bg=Reset mod=BOLD, 21:"d" fg=Reset bg=Reset mod=BOLD
03: "- second item with italic       " | 0:"-" fg=Reset bg=Reset mod=NONE, 2:"s" fg=Reset bg=Reset mod=NONE, 3:"e" fg=Reset bg=Reset mod=NONE, 4:"c" fg=Reset bg=Reset mod=NONE, 5:"o" fg=Reset bg=Reset mod=NONE, 6:"n" fg=Reset bg=Reset mod=NONE, 7:"d" fg=Reset bg=Reset mod=NONE, 9:"i" fg=Reset bg=Reset mod=NONE, 10:"t" fg=Reset bg=Reset mod=NONE, 11:"e" fg=Reset bg=Reset mod=NONE, 12:"m" fg=Reset bg=Reset mod=NONE, 14:"w" fg=Reset bg=Reset mod=NONE, 15:"i" fg=Reset bg=Reset mod=NONE, 16:"t" fg=Reset bg=Reset mod=NONE, 17:"h" fg=Reset bg=Reset mod=NONE, 19:"i" fg=Reset bg=Reset mod=ITALIC, 20:"t" fg=Reset bg=Reset mod=ITALIC, 21:"a" fg=Reset bg=Reset mod=ITALIC, 22:"l" fg=Reset bg=Reset mod=ITALIC, 23:"i" fg=Reset bg=Reset mod=ITALIC, 24:"c" fg=Reset bg=Reset mod=ITALIC
04: "                                "
05: "Paragraph with link             " | 0:"P" fg=Reset bg=Reset mod=NONE, 1:"a" fg=Reset bg=Reset mod=NONE, 2:"r" fg=Reset bg=Reset mod=NONE, 3:"a" fg=Reset bg=Reset mod=NONE, 4:"g" fg=Reset bg=Reset mod=NONE, 5:"r" fg=Reset bg=Reset mod=NONE, 6:"a" fg=Reset bg=Reset mod=NONE, 7:"p" fg=Reset bg=Reset mod=NONE, 8:"h" fg=Reset bg=Reset mod=NONE, 10:"w" fg=Reset bg=Reset mod=NONE, 11:"i" fg=Reset bg=Reset mod=NONE, 12:"t" fg=Reset bg=Reset mod=NONE, 13:"h" fg=Reset bg=Reset mod=NONE, 15:"l" fg=Reset bg=Reset mod=NONE, 16:"i" fg=Reset bg=Reset mod=NONE, 17:"n" fg=Reset bg=Reset mod=NONE, 18:"k" fg=Reset bg=Reset mod=NONE
06: "(https://example.com).          " | 0:"(" fg=Reset bg=Reset mod=NONE, 1:"h" fg=Blue bg=Reset mod=UNDERLINED, 2:"t" fg=Blue bg=Reset mod=UNDERLINED, 3:"t" fg=Blue bg=Reset mod=UNDERLINED, 4:"p" fg=Blue bg=Reset mod=UNDERLINED, 5:"s" fg=Blue bg=Reset mod=UNDERLINED, 6:":" fg=Blue bg=Reset mod=UNDERLINED, 7:"/" fg=Blue bg=Reset mod=UNDERLINED, 8:"/" fg=Blue bg=Reset mod=UNDERLINED, 9:"e" fg=Blue bg=Reset mod=UNDERLINED, 10:"x" fg=Blue bg=Reset mod=UNDERLINED, 11:"a" fg=Blue bg=Reset mod=UNDERLINED, 12:"m" fg=Blue bg=Reset mod=UNDERLINED, 13:"p" fg=Blue bg=Reset mod=UNDERLINED, 14:"l" fg=Blue bg=Reset mod=UNDERLINED, 15:"e" fg=Blue bg=Reset mod=UNDERLINED, 16:"." fg=Blue bg=Reset mod=UNDERLINED, 17:"c" fg=Blue bg=Reset mod=UNDERLINED, 18:"o" fg=Blue bg=Reset mod=UNDERLINED, 19:"m" fg=Blue bg=Reset mod=UNDERLINED, 20:")" fg=Reset bg=Reset mod=NONE, 21:"." fg=Reset bg=Reset mod=NONE
07: "                                "
