---
source: src/test_support.rs
expression: describe_buffer(terminal.backend().buffer())
---
area=Rect { x: 0, y: 0, width: 16, height: 8 }
00: "# Heading       " | 0:"#" fg=Reset bg=Rgb(26, 51, 34) mod=BOLD | UNDERLINED, 1:" " fg=Reset bg=Rgb(26, 51, 34) mod=BOLD | UNDERLINED, 2:"H" fg=Reset bg=Rgb(26, 51, 34) mod=BOLD | UNDERLINED, 3:"e" fg=Reset bg=Rgb(26, 51, 34) mod=BOLD | UNDERLINED, 4:"a" fg=Reset bg=Rgb(26, 51, 34) mod=BOLD | UNDERLINED, 5:"d" fg=Reset bg=Rgb(26, 51, 34) mod=BOLD | UNDERLINED, 6:"i" fg=Reset bg=Rgb(26, 51, 34) mod=BOLD | UNDERLINED, 7:"n" fg=Reset bg=Rgb(26, 51, 34) mod=BOLD | UNDERLINED, 8:"g" fg=Reset bg=Rgb(26, 51, 34) mod=BOLD | UNDERLINED, 9:" " fg=Reset bg=Rgb(26, 51, 34) mod=NONE, 10:" " fg=Reset bg=Rgb(26, 51, 34) mod=NONE, 11:" " fg=Reset bg=Rgb(26, 51, 34) mod=NONE, 12:" " fg=Reset bg=Rgb(26, 51, 34) mod=NONE, 13:" " fg=Reset bg=Rgb(26, 51, 34) mod=NONE, 14:" " fg=Reset bg=Rgb(26, 51, 34) mod=NONE, 15:" " fg=Reset bg=Rgb(26, 51, 34) mod=NONE
01: "                " | 0:" " fg=Reset bg=Rgb(26, 51, 34) mod=NONE, 1:" " fg=Reset bg=Rgb(26, 51, 34) mod=NONE, 2:" " fg=Reset bg=Rgb(26, 51, 34) mod=NONE, 3:" " fg=Reset bg=Rgb(26, 51, 34) mod=NONE, 4:" " fg=Reset bg=Rgb(26, 51, 34) mod=NONE, 5:" " fg=Reset bg=Rgb(26, 51, 34) mod=NONE, 6:" " fg=Reset bg=Rgb(26, 51, 34) mod=NONE, 7:" " fg=Reset bg=Rgb(26, 51, 34) mod=NONE, 8:" " fg=Reset bg=Rgb(26, 51, 34) mod=NONE, 9:" " fg=Reset bg=Rgb(26, 51, 34) mod=NONE, 10:" " fg=Reset bg=Rgb(26, 51, 34) mod=NONE, 11:" " fg=Reset bg=Rgb(26, 51, 34) mod=NONE, 12:" " fg=Reset bg=Rgb(26, 51, 34) mod=NONE, 13:" " fg=Reset bg=Rgb(26, 51, 34) mod=NONE, 14:" " fg=Reset bg=Rgb(26, 51, 34) mod=NONE, 15:" " fg=Reset bg=Rgb(26, 51, 34) mod=NONE
02: "- first item    " | 0:"-" fg=Reset bg=Rgb(26, 51, 34) mod=NONE, 1:" " fg=Reset bg=Rgb(26, 51, 34) mod=NONE, 2:"f" fg=Reset bg=Rgb(26, 51, 34) mod=NONE, 3:"i" fg=Reset bg=Rgb(26, 51, 34) mod=NONE, 4:"r" fg=Reset bg=Rgb(26, 51, 34) mod=NONE, 5:"s" fg=Reset bg=Rgb(26, 51, 34) mod=NONE, 6:"t" fg=Reset bg=Rgb(26, 51, 34) mod=NONE, 7:" " fg=Reset bg=Rgb(26, 51, 34) mod=NONE, 8:"i" fg=Reset bg=Rgb(26, 51, 34) mod=NONE, 9:"t" fg=Reset bg=Rgb(26, 51, 34) mod=NONE, 10:"e" fg=Reset bg=Rgb(26, 51, 34) mod=NONE, 11:"m" fg=Reset bg=Rgb(26, 51, 34) mod=NONE, 12:" " fg=Reset bg=Rgb(26, 51, 34) mod=NONE, 13:" " fg=Reset bg=Rgb(26, 51, 34) mod=NONE, 14:" " fg=Reset bg=Rgb(26, 51, 34) mod=NONE, 15:" " fg=Reset bg=Rgb(26, 51, 34) mod=NONE
03: "- second item   " | 0:"-" fg=Reset bg=Rgb(26, 51, 34) mod=NONE, 1:" " fg=Reset bg=Rgb(26, 51, 34) mod=NONE, 2:"s" fg=Reset bg=Rgb(26, 51, 34) mod=NONE, 3:"e" fg=Reset bg=Rgb(26, 51, 34) mod=NONE, 4:"c" fg=Reset bg=Rgb(26, 51, 34) mod=NONE, 5:"o" fg=Reset bg=Rgb(26, 51, 34) mod=NONE, 6:"n" fg=Reset bg=Rgb(26, 51, 34) mod=NONE, 7:"d" fg=Reset bg=Rgb(26, 51, 34) mod=NONE, 8:" " fg=Reset bg=Rgb(26, 51, 34) mod=NONE, 9:"i" fg=Reset bg=Rgb(26, 51, 34) mod=NONE, 10:"t" fg=Reset bg=Rgb(26, 51, 34) mod=NONE, 11:"e" fg=Reset bg=Rgb(26, 51, 34) mod=NONE, 12:"m" fg=Reset bg=Rgb(26, 51, 34) mod=NONE, 13:" " fg=Reset bg=Rgb(26, 51, 34) mod=NONE, 14:" " fg=Reset bg=Rgb(26, 51, 34) mod=NONE, 15:" " fg=Reset bg=Rgb(26, 51, 34) mod=NONE
04: "                " | 0:" " fg=Reset bg=Rgb(26, 51, 34) mod=NONE, 1:" " fg=Reset bg=Rgb(26, 51, 34) mod=NONE, 2:" " fg=Reset bg=Rgb(26, 51, 34) mod=NONE, 3:" " fg=Reset bg=Rgb(26, 51, 34) mod=NONE, 4:" " fg=Reset bg=Rgb(26, 51, 34) mod=NONE, 5:" " fg=Reset bg=Rgb(26, 51, 34) mod=NONE, 6:" " fg=Reset bg=Rgb(26, 51, 34) mod=NONE, 7:" " fg=Reset bg=Rgb(26, 51, 34) mod=NONE, 8:" " fg=Reset bg=Rgb(26, 51, 34) mod=NONE, 9:" " fg=Reset bg=Rgb(26, 51, 34) mod=NONE, 10:" " fg=Reset bg=Rgb(26, 51, 34) mod=NONE, 11:" " fg=Reset bg=Rgb(26, 51, 34) mod=NONE, 12:" " fg=Reset bg=Rgb(26, 51, 34) mod=NONE, 13:" " fg=Reset bg=Rgb(26, 51, 34) mod=NONE, 14:" " fg=Reset bg=Rgb(26, 51, 34) mod=NONE, 15:" " fg=Reset bg=Rgb(26, 51, 34) mod=NONE
05: "Paragraph text  " | 0:"P" fg=Reset bg=Rgb(26, 51, 34) mod=NONE, 1:"a" fg=Reset bg=Rgb(26, 51, 34) mod=NONE, 2:"r" fg=Reset bg=Rgb(26, 51, 34) mod=NONE, 3:"a" fg=Reset bg=Rgb(26, 51, 34) mod=NONE, 4:"g" fg=Reset bg=Rgb(26, 51, 34) mod=NONE, 5:"r" fg=Reset bg=Rgb(26, 51, 34) mod=NONE, 6:"a" fg=Reset bg=Rgb(26, 51, 34) mod=NONE, 7:"p" fg=Reset bg=Rgb(26, 51, 34) mod=NONE, 8:"h" fg=Reset bg=Rgb(26, 51, 34) mod=NONE, 9:" " fg=Reset bg=Rgb(26, 51, 34) mod=NONE, 10:"t" fg=Reset bg=Rgb(26, 51, 34) mod=NONE, 11:"e" fg=Reset bg=Rgb(26, 51, 34) mod=NONE, 12:"x" fg=Reset bg=Rgb(26, 51, 34) mod=NONE, 13:"t" fg=Reset bg=Rgb(26, 51, 34) mod=NONE, 14:" " fg=Reset bg=Rgb(26, 51, 34) mod=NONE, 15:" " fg=Reset bg=Rgb(26, 51, 34) mod=NONE
06: "that should     " | 0:"t" fg=Reset bg=Rgb(26, 51, 34) mod=NONE, 1:"h" fg=Reset bg=Rgb(26, 51, 34) mod=NONE, 2:"a" fg=Reset bg=Rgb(26, 51, 34) mod=NONE, 3:"t" fg=Reset bg=Rgb(26, 51, 34) mod=NONE, 4:" " fg=Reset bg=Rgb(26, 51, 34) mod=NONE, 5:"s" fg=Reset bg=Rgb(26, 51, 34) mod=NONE, 6:"h" fg=Reset bg=Rgb(26, 51, 34) mod=NONE, 7:"o" fg=Reset bg=Rgb(26, 51, 34) mod=NONE, 8:"u" fg=Reset bg=Rgb(26, 51, 34) mod=NONE, 9:"l" fg=Reset bg=Rgb(26, 51, 34) mod=NONE, 10:"d" fg=Reset bg=Rgb(26, 51, 34) mod=NONE, 11:" " fg=Reset bg=Rgb(26, 51, 34) mod=NONE, 12:" " fg=Reset bg=Rgb(26, 51, 34) mod=NONE, 13:" " fg=Reset bg=Rgb(26, 51, 34) mod=NONE, 14:" " fg=Reset bg=Rgb(26, 51, 34) mod=NONE, 15:" " fg=Reset bg=Rgb(26, 51, 34) mod=NONE
07: "wrap.           " | 0:"w" fg=Reset bg=Rgb(26, 51, 34) mod=NONE, 1:"r" fg=Reset bg=Rgb(26, 51, 34) mod=NONE, 2:"a" fg=Reset bg=Rgb(26, 51, 34) mod=NONE, 3:"p" fg=Reset bg=Rgb(26, 51, 34) mod=NONE, 4:"." fg=Reset bg=Rgb(26, 51, 34) mod=NONE, 5:" " fg=Reset bg=Rgb(26, 51, 34) mod=NONE, 6:" " fg=Reset bg=Rgb(26, 51, 34) mod=NONE, 7:" " fg=Reset bg=Rgb(26, 51, 34) mod=NONE, 8:" " fg=Reset bg=Rgb(26, 51, 34) mod=NONE, 9:" " fg=Reset bg=Rgb(26, 51, 34) mod=NONE, 10:" " fg=Reset bg=Rgb(26, 51, 34) mod=NONE, 11:" " fg=Reset bg=Rgb(26, 51, 34) mod=NONE, 12:" " fg=Reset bg=Rgb(26, 51, 34) mod=NONE, 13:" " fg=Reset bg=Rgb(26, 51, 34) mod=NONE, 14:" " fg=Reset bg=Rgb(26, 51, 34) mod=NONE, 15:" " fg=Reset bg=Rgb(26, 51, 34) mod=NONE
