---
source: src/test_support.rs
assertion_line: 23
expression: describe_buffer(terminal.backend().buffer())
---
area=Rect { x: 0, y: 0, width: 30, height: 20 }
00: "                              "
01: "                              "
02: "                              "
03: "                              "
04: "                              "
05: "       ┌工 数 入 力 ─────┐        " | 7:"┌" fg=Reset bg=Reset mod=NONE, 8:"工" fg=Reset bg=Reset mod=NONE, 10:"数" fg=Reset bg=Reset mod=NONE, 12:"入" fg=Reset bg=Reset mod=NONE, 14:"力" fg=Reset bg=Reset mod=NONE, 16:"─" fg=Reset bg=Reset mod=NONE, 17:"─" fg=Reset bg=Reset mod=NONE, 18:"─" fg=Reset bg=Reset mod=NONE, 19:"─" fg=Reset bg=Reset mod=NONE, 20:"─" fg=Reset bg=Reset mod=NONE, 21:"┐" fg=Reset bg=Reset mod=NONE
06: "       │┌ア ク テ ィ ビ ─┐│        " | 7:"│" fg=Reset bg=Reset mod=NONE, 8:"┌" fg=LightGreen bg=Reset mod=NONE, 9:"ア" fg=LightGreen bg=Reset mod=NONE, 11:"ク" fg=LightGreen bg=Reset mod=NONE, 13:"テ" fg=LightGreen bg=Reset mod=NONE, 15:"ィ" fg=LightGreen bg=Reset mod=NONE, 17:"ビ" fg=LightGreen bg=Reset mod=NONE, 19:"─" fg=LightGreen bg=Reset mod=NONE, 20:"┐" fg=LightGreen bg=Reset mod=NONE, 21:"│" fg=Reset bg=Reset mod=NONE
07: "       │└───────────┘│        " | 7:"│" fg=Reset bg=Reset mod=NONE, 8:"└" fg=LightGreen bg=Reset mod=NONE, 9:"─" fg=LightGreen bg=Reset mod=NONE, 10:"─" fg=LightGreen bg=Reset mod=NONE, 11:"─" fg=LightGreen bg=Reset mod=NONE, 12:"─" fg=LightGreen bg=Reset mod=NONE, 13:"─" fg=LightGreen bg=Reset mod=NONE, 14:"─" fg=LightGreen bg=Reset mod=NONE, 15:"─" fg=LightGreen bg=Reset mod=NONE, 16:"─" fg=LightGreen bg=Reset mod=NONE, 17:"─" fg=LightGreen bg=Reset mod=NONE, 18:"─" fg=LightGreen bg=Reset mod=NONE, 19:"─" fg=LightGreen bg=Reset mod=NONE, 20:"┘" fg=LightGreen bg=Reset mod=NONE, 21:"│" fg=Reset bg=Reset mod=NONE
08: "       │┌工 数 ───────┐│        " | 7:"│" fg=Reset bg=Reset mod=NONE, 8:"┌" fg=LightGreen bg=Reset mod=NONE, 9:"工" fg=LightGreen bg=Reset mod=NONE, 11:"数" fg=LightGreen bg=Reset mod=NONE, 13:"─" fg=LightGreen bg=Reset mod=NONE, 14:"─" fg=LightGreen bg=Reset mod=NONE, 15:"─" fg=LightGreen bg=Reset mod=NONE, 16:"─" fg=LightGreen bg=Reset mod=NONE, 17:"─" fg=LightGreen bg=Reset mod=NONE, 18:"─" fg=LightGreen bg=Reset mod=NONE, 19:"─" fg=LightGreen bg=Reset mod=NONE, 20:"┐" fg=LightGreen bg=Reset mod=NONE, 21:"│" fg=Reset bg=Reset mod=NONE
09: "       │└───────────┘│        " | 7:"│" fg=Reset bg=Reset mod=NONE, 8:"└" fg=LightGreen bg=Reset mod=NONE, 9:"─" fg=LightGreen bg=Reset mod=NONE, 10:"─" fg=LightGreen bg=Reset mod=NONE, 11:"─" fg=LightGreen bg=Reset mod=NONE, 12:"─" fg=LightGreen bg=Reset mod=NONE, 13:"─" fg=LightGreen bg=Reset mod=NONE, 14:"─" fg=LightGreen bg=Reset mod=NONE, 15:"─" fg=LightGreen bg=Reset mod=NONE, 16:"─" fg=LightGreen bg=Reset mod=NONE, 17:"─" fg=LightGreen bg=Reset mod=NONE, 18:"─" fg=LightGreen bg=Reset mod=NONE, 19:"─" fg=LightGreen bg=Reset mod=NONE, 20:"┘" fg=LightGreen bg=Reset mod=NONE, 21:"│" fg=Reset bg=Reset mod=NONE
10: "       │┌メ モ ───────┐│        " | 7:"│" fg=Reset bg=Reset mod=NONE, 8:"┌" fg=LightGreen bg=Reset mod=NONE, 9:"メ" fg=LightGreen bg=Reset mod=NONE, 11:"モ" fg=LightGreen bg=Reset mod=NONE, 13:"─" fg=LightGreen bg=Reset mod=NONE, 14:"─" fg=LightGreen bg=Reset mod=NONE, 15:"─" fg=LightGreen bg=Reset mod=NONE, 16:"─" fg=LightGreen bg=Reset mod=NONE, 17:"─" fg=LightGreen bg=Reset mod=NONE, 18:"─" fg=LightGreen bg=Reset mod=NONE, 19:"─" fg=LightGreen bg=Reset mod=NONE, 20:"┐" fg=LightGreen bg=Reset mod=NONE, 21:"│" fg=Reset bg=Reset mod=NONE
11: "       │└───────────┘│        " | 7:"│" fg=Reset bg=Reset mod=NONE, 8:"└" fg=LightGreen bg=Reset mod=NONE, 9:"─" fg=LightGreen bg=Reset mod=NONE, 10:"─" fg=LightGreen bg=Reset mod=NONE, 11:"─" fg=LightGreen bg=Reset mod=NONE, 12:"─" fg=LightGreen bg=Reset mod=NONE, 13:"─" fg=LightGreen bg=Reset mod=NONE, 14:"─" fg=LightGreen bg=Reset mod=NONE, 15:"─" fg=LightGreen bg=Reset mod=NONE, 16:"─" fg=LightGreen bg=Reset mod=NONE, 17:"─" fg=LightGreen bg=Reset mod=NONE, 18:"─" fg=LightGreen bg=Reset mod=NONE, 19:"─" fg=LightGreen bg=Reset mod=NONE, 20:"┘" fg=LightGreen bg=Reset mod=NONE, 21:"│" fg=Reset bg=Reset mod=NONE
12: "       │             │        " | 7:"│" fg=Reset bg=Reset mod=NONE, 21:"│" fg=Reset bg=Reset mod=NONE
13: "       │    ┌──────┐ │        " | 7:"│" fg=Reset bg=Reset mod=NONE, 12:"┌" fg=LightGreen bg=Reset mod=NONE, 13:"─" fg=LightGreen bg=Reset mod=NONE, 14:"─" fg=LightGreen bg=Reset mod=NONE, 15:"─" fg=LightGreen bg=Reset mod=NONE, 16:"─" fg=LightGreen bg=Reset mod=NONE, 17:"─" fg=LightGreen bg=Reset mod=NONE, 18:"─" fg=LightGreen bg=Reset mod=NONE, 19:"┐" fg=LightGreen bg=Reset mod=NONE, 21:"│" fg=Reset bg=Reset mod=NONE
14: "       └─────────────┘        " | 7:"└" fg=Reset bg=Reset mod=NONE, 8:"─" fg=Reset bg=Reset mod=NONE, 9:"─" fg=Reset bg=Reset mod=NONE, 10:"─" fg=Reset bg=Reset mod=NONE, 11:"─" fg=Reset bg=Reset mod=NONE, 12:"─" fg=Reset bg=Reset mod=NONE, 13:"─" fg=Reset bg=Reset mod=NONE, 14:"─" fg=Reset bg=Reset mod=NONE, 15:"─" fg=Reset bg=Reset mod=NONE, 16:"─" fg=Reset bg=Reset mod=NONE, 17:"─" fg=Reset bg=Reset mod=NONE, 18:"─" fg=Reset bg=Reset mod=NONE, 19:"─" fg=Reset bg=Reset mod=NONE, 20:"─" fg=Reset bg=Reset mod=NONE, 21:"┘" fg=Reset bg=Reset mod=NONE
15: "                              "
16: "                              "
17: "                              "
18: "                              "
19: "                              "
