---
source: src/test_support.rs
expression: describe_buffer(terminal.backend().buffer())
---
area=Rect { x: 0, y: 0, width: 22, height: 17 }
00: "│ 作 成 者         author" | 0:"│" fg=Rgb(74, 83, 102) bg=Reset mod=NONE, 2:"作" fg=Rgb(128, 138, 158) bg=Reset mod=NONE, 4:"成" fg=Rgb(128, 138, 158) bg=Reset mod=NONE, 6:"者" fg=Rgb(128, 138, 158) bg=Reset mod=NONE, 8:" " fg=Rgb(128, 138, 158) bg=Reset mod=NONE, 9:" " fg=Rgb(128, 138, 158) bg=Reset mod=NONE, 10:" " fg=Rgb(128, 138, 158) bg=Reset mod=NONE, 11:" " fg=Rgb(128, 138, 158) bg=Reset mod=NONE, 12:" " fg=Rgb(128, 138, 158) bg=Reset mod=NONE, 13:" " fg=Rgb(128, 138, 158) bg=Reset mod=NONE, 14:" " fg=Rgb(128, 138, 158) bg=Reset mod=NONE, 15:" " fg=Rgb(128, 138, 158) bg=Reset mod=NONE, 16:"a" fg=Reset bg=Reset mod=NONE, 17:"u" fg=Reset bg=Reset mod=NONE, 18:"t" fg=Reset bg=Reset mod=NONE, 19:"h" fg=Reset bg=Reset mod=NONE, 20:"o" fg=Reset bg=Reset mod=NONE, 21:"r" fg=Reset bg=Reset mod=NONE
01: "│ 作 成 日         2026/0" | 0:"│" fg=Rgb(74, 83, 102) bg=Reset mod=NONE, 2:"作" fg=Rgb(128, 138, 158) bg=Reset mod=NONE, 4:"成" fg=Rgb(128, 138, 158) bg=Reset mod=NONE, 6:"日" fg=Rgb(128, 138, 158) bg=Reset mod=NONE, 8:" " fg=Rgb(128, 138, 158) bg=Reset mod=NONE, 9:" " fg=Rgb(128, 138, 158) bg=Reset mod=NONE, 10:" " fg=Rgb(128, 138, 158) bg=Reset mod=NONE, 11:" " fg=Rgb(128, 138, 158) bg=Reset mod=NONE, 12:" " fg=Rgb(128, 138, 158) bg=Reset mod=NONE, 13:" " fg=Rgb(128, 138, 158) bg=Reset mod=NONE, 14:" " fg=Rgb(128, 138, 158) bg=Reset mod=NONE, 15:" " fg=Rgb(128, 138, 158) bg=Reset mod=NONE, 16:"2" fg=Reset bg=Reset mod=NONE, 17:"0" fg=Reset bg=Reset mod=NONE, 18:"2" fg=Reset bg=Reset mod=NONE, 19:"6" fg=Reset bg=Reset mod=NONE, 20:"/" fg=Reset bg=Reset mod=NONE, 21:"0" fg=Reset bg=Reset mod=NONE
02: "│ 更 新 日         2026/0" | 0:"│" fg=Rgb(74, 83, 102) bg=Reset mod=NONE, 2:"更" fg=Rgb(128, 138, 158) bg=Reset mod=NONE, 4:"新" fg=Rgb(128, 138, 158) bg=Reset mod=NONE, 6:"日" fg=Rgb(128, 138, 158) bg=Reset mod=NONE, 8:" " fg=Rgb(128, 138, 158) bg=Reset mod=NONE, 9:" " fg=Rgb(128, 138, 158) bg=Reset mod=NONE, 10:" " fg=Rgb(128, 138, 158) bg=Reset mod=NONE, 11:" " fg=Rgb(128, 138, 158) bg=Reset mod=NONE, 12:" " fg=Rgb(128, 138, 158) bg=Reset mod=NONE, 13:" " fg=Rgb(128, 138, 158) bg=Reset mod=NONE, 14:" " fg=Rgb(128, 138, 158) bg=Reset mod=NONE, 15:" " fg=Rgb(128, 138, 158) bg=Reset mod=NONE, 16:"2" fg=Reset bg=Reset mod=NONE, 17:"0" fg=Reset bg=Reset mod=NONE, 18:"2" fg=Reset bg=Reset mod=NONE, 19:"6" fg=Reset bg=Reset mod=NONE, 20:"/" fg=Reset bg=Reset mod=NONE, 21:"0" fg=Reset bg=Reset mod=NONE
03: "│ ス テ ー タ ス     Waitin" | 0:"│" fg=Rgb(74, 83, 102) bg=Reset mod=NONE, 2:"ス" fg=Rgb(128, 138, 158) bg=Reset mod=NONE, 4:"テ" fg=Rgb(128, 138, 158) bg=Reset mod=NONE, 6:"ー" fg=Rgb(128, 138, 158) bg=Reset mod=NONE, 8:"タ" fg=Rgb(128, 138, 158) bg=Reset mod=NONE, 10:"ス" fg=Rgb(128, 138, 158) bg=Reset mod=NONE, 12:" " fg=Rgb(128, 138, 158) bg=Reset mod=NONE, 13:" " fg=Rgb(128, 138, 158) bg=Reset mod=NONE, 14:" " fg=Rgb(128, 138, 158) bg=Reset mod=NONE, 15:" " fg=Rgb(128, 138, 158) bg=Reset mod=NONE, 16:"W" fg=Blue bg=Reset mod=BOLD, 17:"a" fg=Blue bg=Reset mod=BOLD, 18:"i" fg=Blue bg=Reset mod=BOLD, 19:"t" fg=Blue bg=Reset mod=BOLD, 20:"i" fg=Blue bg=Reset mod=BOLD, 21:"n" fg=Blue bg=Reset mod=BOLD
04: "│ ト ラ ッ カ ー     Suppor" | 0:"│" fg=Rgb(74, 83, 102) bg=Reset mod=NONE, 2:"ト" fg=Rgb(128, 138, 158) bg=Reset mod=NONE, 4:"ラ" fg=Rgb(128, 138, 158) bg=Reset mod=NONE, 6:"ッ" fg=Rgb(128, 138, 158) bg=Reset mod=NONE, 8:"カ" fg=Rgb(128, 138, 158) bg=Reset mod=NONE, 10:"ー" fg=Rgb(128, 138, 158) bg=Reset mod=NONE, 12:" " fg=Rgb(128, 138, 158) bg=Reset mod=NONE, 13:" " fg=Rgb(128, 138, 158) bg=Reset mod=NONE, 14:" " fg=Rgb(128, 138, 158) bg=Reset mod=NONE, 15:" " fg=Rgb(128, 138, 158) bg=Reset mod=NONE, 16:"S" fg=Reset bg=Reset mod=NONE, 17:"u" fg=Reset bg=Reset mod=NONE, 18:"p" fg=Reset bg=Reset mod=NONE, 19:"p" fg=Reset bg=Reset mod=NONE, 20:"o" fg=Reset bg=Reset mod=NONE, 21:"r" fg=Reset bg=Reset mod=NONE
05: "│ 優 先 度         major " | 0:"│" fg=Rgb(74, 83, 102) bg=Reset mod=NONE, 2:"優" fg=Rgb(128, 138, 158) bg=Reset mod=NONE, 4:"先" fg=Rgb(128, 138, 158) bg=Reset mod=NONE, 6:"度" fg=Rgb(128, 138, 158) bg=Reset mod=NONE, 8:" " fg=Rgb(128, 138, 158) bg=Reset mod=NONE, 9:" " fg=Rgb(128, 138, 158) bg=Reset mod=NONE, 10:" " fg=Rgb(128, 138, 158) bg=Reset mod=NONE, 11:" " fg=Rgb(128, 138, 158) bg=Reset mod=NONE, 12:" " fg=Rgb(128, 138, 158) bg=Reset mod=NONE, 13:" " fg=Rgb(128, 138, 158) bg=Reset mod=NONE, 14:" " fg=Rgb(128, 138, 158) bg=Reset mod=NONE, 15:" " fg=Rgb(128, 138, 158) bg=Reset mod=NONE, 16:"m" fg=Reset bg=Reset mod=NONE, 17:"a" fg=Reset bg=Reset mod=NONE, 18:"j" fg=Reset bg=Reset mod=NONE, 19:"o" fg=Reset bg=Reset mod=NONE, 20:"r" fg=Reset bg=Reset mod=NONE
06: "│ プ ロ ジ ェ ク ト   Sample" | 0:"│" fg=Rgb(74, 83, 102) bg=Reset mod=NONE, 2:"プ" fg=Rgb(128, 138, 158) bg=Reset mod=NONE, 4:"ロ" fg=Rgb(128, 138, 158) bg=Reset mod=NONE, 6:"ジ" fg=Rgb(128, 138, 158) bg=Reset mod=NONE, 8:"ェ" fg=Rgb(128, 138, 158) bg=Reset mod=NONE, 10:"ク" fg=Rgb(128, 138, 158) bg=Reset mod=NONE, 12:"ト" fg=Rgb(128, 138, 158) bg=Reset mod=NONE, 14:" " fg=Rgb(128, 138, 158) bg=Reset mod=NONE, 15:" " fg=Rgb(128, 138, 158) bg=Reset mod=NONE, 16:"S" fg=Reset bg=Reset mod=NONE, 17:"a" fg=Reset bg=Reset mod=NONE, 18:"m" fg=Reset bg=Reset mod=NONE, 19:"p" fg=Reset bg=Reset mod=NONE, 20:"l" fg=Reset bg=Reset mod=NONE, 21:"e" fg=Reset bg=Reset mod=NONE
07: "│ 担 当 者         -     " | 0:"│" fg=Rgb(74, 83, 102) bg=Reset mod=NONE, 2:"担" fg=Rgb(128, 138, 158) bg=Reset mod=NONE, 4:"当" fg=Rgb(128, 138, 158) bg=Reset mod=NONE, 6:"者" fg=Rgb(128, 138, 158) bg=Reset mod=NONE, 8:" " fg=Rgb(128, 138, 158) bg=Reset mod=NONE, 9:" " fg=Rgb(128, 138, 158) bg=Reset mod=NONE, 10:" " fg=Rgb(128, 138, 158) bg=Reset mod=NONE, 11:" " fg=Rgb(128, 138, 158) bg=Reset mod=NONE, 12:" " fg=Rgb(128, 138, 158) bg=Reset mod=NONE, 13:" " fg=Rgb(128, 138, 158) bg=Reset mod=NONE, 14:" " fg=Rgb(128, 138, 158) bg=Reset mod=NONE, 15:" " fg=Rgb(128, 138, 158) bg=Reset mod=NONE, 16:"-" fg=Blue bg=Reset mod=NONE
08: "│ 対 象 バ ー ジ ョ ン -     " | 0:"│" fg=Rgb(74, 83, 102) bg=Reset mod=NONE, 2:"対" fg=Rgb(128, 138, 158) bg=Reset mod=NONE, 4:"象" fg=Rgb(128, 138, 158) bg=Reset mod=NONE, 6:"バ" fg=Rgb(128, 138, 158) bg=Reset mod=NONE, 8:"ー" fg=Rgb(128, 138, 158) bg=Reset mod=NONE, 10:"ジ" fg=Rgb(128, 138, 158) bg=Reset mod=NONE, 12:"ョ" fg=Rgb(128, 138, 158) bg=Reset mod=NONE, 14:"ン" fg=Rgb(128, 138, 158) bg=Reset mod=NONE, 16:"-" fg=Reset bg=Reset mod=NONE
09: "│ 開 始 日         -     " | 0:"│" fg=Rgb(74, 83, 102) bg=Reset mod=NONE, 2:"開" fg=Rgb(128, 138, 158) bg=Reset mod=NONE, 4:"始" fg=Rgb(128, 138, 158) bg=Reset mod=NONE, 6:"日" fg=Rgb(128, 138, 158) bg=Reset mod=NONE, 8:" " fg=Rgb(128, 138, 158) bg=Reset mod=NONE, 9:" " fg=Rgb(128, 138, 158) bg=Reset mod=NONE, 10:" " fg=Rgb(128, 138, 158) bg=Reset mod=NONE, 11:" " fg=Rgb(128, 138, 158) bg=Reset mod=NONE, 12:" " fg=Rgb(128, 138, 158) bg=Reset mod=NONE, 13:" " fg=Rgb(128, 138, 158) bg=Reset mod=NONE, 14:" " fg=Rgb(128, 138, 158) bg=Reset mod=NONE, 15:" " fg=Rgb(128, 138, 158) bg=Reset mod=NONE, 16:"-" fg=Reset bg=Reset mod=NONE
10: "│ 期 日           -     " | 0:"│" fg=Rgb(74, 83, 102) bg=Reset mod=NONE, 2:"期" fg=Rgb(128, 138, 158) bg=Reset mod=NONE, 4:"日" fg=Rgb(128, 138, 158) bg=Reset mod=NONE, 6:" " fg=Rgb(128, 138, 158) bg=Reset mod=NONE, 7:" " fg=Rgb(128, 138, 158) bg=Reset mod=NONE, 8:" " fg=Rgb(128, 138, 158) bg=Reset mod=NONE, 9:" " fg=Rgb(128, 138, 158) bg=Reset mod=NONE, 10:" " fg=Rgb(128, 138, 158) bg=Reset mod=NONE, 11:" " fg=Rgb(128, 138, 158) bg=Reset mod=NONE, 12:" " fg=Rgb(128, 138, 158) bg=Reset mod=NONE, 13:" " fg=Rgb(128, 138, 158) bg=Reset mod=NONE, 14:" " fg=Rgb(128, 138, 158) bg=Reset mod=NONE, 15:" " fg=Rgb(128, 138, 158) bg=Reset mod=NONE, 16:"-" fg=Reset bg=Reset mod=NONE
11: "│ 進 捗 率           0%  " | 0:"│" fg=Rgb(74, 83, 102) bg=Reset mod=NONE, 2:"進" fg=Rgb(128, 138, 158) bg=Reset mod=NONE, 4:"捗" fg=Rgb(128, 138, 158) bg=Reset mod=NONE, 6:"率" fg=Rgb(128, 138, 158) bg=Reset mod=NONE, 8:" " fg=Rgb(128, 138, 158) bg=Reset mod=NONE, 9:" " fg=Rgb(128, 138, 158) bg=Reset mod=NONE, 10:" " fg=Rgb(128, 138, 158) bg=Reset mod=NONE, 11:" " fg=Rgb(128, 138, 158) bg=Reset mod=NONE, 12:" " fg=Rgb(128, 138, 158) bg=Reset mod=NONE, 13:" " fg=Rgb(128, 138, 158) bg=Reset mod=NONE, 14:" " fg=Rgb(128, 138, 158) bg=Reset mod=NONE, 15:" " fg=Rgb(128, 138, 158) bg=Reset mod=NONE, 18:"0" fg=Reset bg=Reset mod=NONE, 19:"%" fg=Reset bg=Reset mod=NONE
12: "│ 予 定 工 数       - h   " | 0:"│" fg=Rgb(74, 83, 102) bg=Reset mod=NONE, 2:"予" fg=Rgb(128, 138, 158) bg=Reset mod=NONE, 4:"定" fg=Rgb(128, 138, 158) bg=Reset mod=NONE, 6:"工" fg=Rgb(128, 138, 158) bg=Reset mod=NONE, 8:"数" fg=Rgb(128, 138, 158) bg=Reset mod=NONE, 10:" " fg=Rgb(128, 138, 158) bg=Reset mod=NONE, 11:" " fg=Rgb(128, 138, 158) bg=Reset mod=NONE, 12:" " fg=Rgb(128, 138, 158) bg=Reset mod=NONE, 13:" " fg=Rgb(128, 138, 158) bg=Reset mod=NONE, 14:" " fg=Rgb(128, 138, 158) bg=Reset mod=NONE, 15:" " fg=Rgb(128, 138, 158) bg=Reset mod=NONE, 16:"-" fg=Reset bg=Reset mod=NONE, 18:"h" fg=Reset bg=Reset mod=NONE
13: "│ 実 績 工 数       - h   " | 0:"│" fg=Rgb(74, 83, 102) bg=Reset mod=NONE, 2:"実" fg=Rgb(128, 138, 158) bg=Reset mod=NONE, 4:"績" fg=Rgb(128, 138, 158) bg=Reset mod=NONE, 6:"工" fg=Rgb(128, 138, 158) bg=Reset mod=NONE, 8:"数" fg=Rgb(128, 138, 158) bg=Reset mod=NONE, 10:" " fg=Rgb(128, 138, 158) bg=Reset mod=NONE, 11:" " fg=Rgb(128, 138, 158) bg=Reset mod=NONE, 12:" " fg=Rgb(128, 138, 158) bg=Reset mod=NONE, 13:" " fg=Rgb(128, 138, 158) bg=Reset mod=NONE, 14:" " fg=Rgb(128, 138, 158) bg=Reset mod=NONE, 15:" " fg=Rgb(128, 138, 158) bg=Reset mod=NONE, 16:"-" fg=Reset bg=Reset mod=NONE, 18:"h" fg=Reset bg=Reset mod=NONE
14: "│ カ テ ゴ リ ー     Operat" | 0:"│" fg=Rgb(74, 83, 102) bg=Reset mod=NONE, 2:"カ" fg=Rgb(128, 138, 158) bg=Reset mod=NONE, 4:"テ" fg=Rgb(128, 138, 158) bg=Reset mod=NONE, 6:"ゴ" fg=Rgb(128, 138, 158) bg=Reset mod=NONE, 8:"リ" fg=Rgb(128, 138, 158) bg=Reset mod=NONE, 10:"ー" fg=Rgb(128, 138, 158) bg=Reset mod=NONE, 12:" " fg=Rgb(128, 138, 158) bg=Reset mod=NONE, 13:" " fg=Rgb(128, 138, 158) bg=Reset mod=NONE, 14:" " fg=Rgb(128, 138, 158) bg=Reset mod=NONE, 15:" " fg=Rgb(128, 138, 158) bg=Reset mod=NONE, 16:"O" fg=Reset bg=Reset mod=NONE, 17:"p" fg=Reset bg=Reset mod=NONE, 18:"e" fg=Reset bg=Reset mod=NONE, 19:"r" fg=Reset bg=Reset mod=NONE, 20:"a" fg=Reset bg=Reset mod=NONE, 21:"t" fg=Reset bg=Reset mod=NONE
15: "                      "
16: "                      "
