---
source: src/test_support.rs
expression: describe_buffer(terminal.backend().buffer())
---
area=Rect { x: 0, y: 0, width: 80, height: 24 }
00: "                                                                                "
01: "                                                                                "
02: "                                                                                "
03: "                                                                                "
04: "                                                                                "
05: "                                                                                "
06: "                                                                                "
07: "                                                                                "
08: "                                                                                "
09: "                                                                                "
10: "                                                                                "
11: "                                                                                "
12: "                                                                                "
13: "                                                                                "
14: "                                                                                "
15: "                                                                                "
16: "                                                                                "
17: "                                                                                "
18: "                                                                                "
19: "                                                                                "
20: "                                                                                "
21: "                                                                                "
22: "                                                                                "
23: "                                                                                "
