---
source: src/test_support.rs
expression: describe_buffer(terminal.backend().buffer())
---
area=Rect { x: 0, y: 0, width: 16, height: 9 }
00: "│ # Heading     " | 0:"│" fg=Rgb(74, 83, 102) bg=Reset mod=NONE, 2:"#" fg=Reset bg=Rgb(46, 58, 85) mod=BOLD | UNDERLINED, 3:" " fg=Reset bg=Rgb(46, 58, 85) mod=BOLD | UNDERLINED, 4:"H" fg=Reset bg=Rgb(46, 58, 85) mod=BOLD | UNDERLINED, 5:"e" fg=Reset bg=Rgb(46, 58, 85) mod=BOLD | UNDERLINED, 6:"a" fg=Reset bg=Rgb(46, 58, 85) mod=BOLD | UNDERLINED, 7:"d" fg=Reset bg=Rgb(46, 58, 85) mod=BOLD | UNDERLINED, 8:"i" fg=Reset bg=Rgb(46, 58, 85) mod=BOLD | UNDERLINED, 9:"n" fg=Reset bg=Rgb(46, 58, 85) mod=BOLD | UNDERLINED, 10:"g" fg=Reset bg=Rgb(46, 58, 85) mod=BOLD | UNDERLINED, 11:" " fg=Reset bg=Rgb(46, 58, 85) mod=NONE, 12:" " fg=Reset bg=Rgb(46, 58, 85) mod=NONE, 13:" " fg=Reset bg=Rgb(46, 58, 85) mod=NONE, 14:" " fg=Reset bg=Rgb(46, 58, 85) mod=NONE, 15:" " fg=Reset bg=Rgb(46, 58, 85) mod=NONE
01: "│               " | 0:"│" fg=Rgb(74, 83, 102) bg=Reset mod=NONE, 2:" " fg=Reset bg=Rgb(46, 58, 85) mod=NONE, 3:" " fg=Reset bg=Rgb(46, 58, 85) mod=NONE, 4:" " fg=Reset bg=Rgb(46, 58, 85) mod=NONE, 5:" " fg=Reset bg=Rgb(46, 58, 85) mod=NONE, 6:" " fg=Reset bg=Rgb(46, 58, 85) mod=NONE, 7:" " fg=Reset bg=Rgb(46, 58, 85) mod=NONE, 8:" " fg=Reset bg=Rgb(46, 58, 85) mod=NONE, 9:" " fg=Reset bg=Rgb(46, 58, 85) mod=NONE, 10:" " fg=Reset bg=Rgb(46, 58, 85) mod=NONE, 11:" " fg=Reset bg=Rgb(46, 58, 85) mod=NONE, 12:" " fg=Reset bg=Rgb(46, 58, 85) mod=NONE, 13:" " fg=Reset bg=Rgb(46, 58, 85) mod=NONE, 14:" " fg=Reset bg=Rgb(46, 58, 85) mod=NONE, 15:" " fg=Reset bg=Rgb(46, 58, 85) mod=NONE
02: "│ - first item  " | 0:"│" fg=Rgb(74, 83, 102) bg=Reset mod=NONE, 2:"-" fg=Reset bg=Rgb(46, 58, 85) mod=NONE, 3:" " fg=Reset bg=Rgb(46, 58, 85) mod=NONE, 4:"f" fg=Reset bg=Rgb(46, 58, 85) mod=NONE, 5:"i" fg=Reset bg=Rgb(46, 58, 85) mod=NONE, 6:"r" fg=Reset bg=Rgb(46, 58, 85) mod=NONE, 7:"s" fg=Reset bg=Rgb(46, 58, 85) mod=NONE, 8:"t" fg=Reset bg=Rgb(46, 58, 85) mod=NONE, 9:" " fg=Reset bg=Rgb(46, 58, 85) mod=NONE, 10:"i" fg=Reset bg=Rgb(46, 58, 85) mod=NONE, 11:"t" fg=Reset bg=Rgb(46, 58, 85) mod=NONE, 12:"e" fg=Reset bg=Rgb(46, 58, 85) mod=NONE, 13:"m" fg=Reset bg=Rgb(46, 58, 85) mod=NONE, 14:" " fg=Reset bg=Rgb(46, 58, 85) mod=NONE, 15:" " fg=Reset bg=Rgb(46, 58, 85) mod=NONE
03: "│ - second item " | 0:"│" fg=Rgb(74, 83, 102) bg=Reset mod=NONE, 2:"-" fg=Reset bg=Rgb(46, 58, 85) mod=NONE, 3:" " fg=Reset bg=Rgb(46, 58, 85) mod=NONE, 4:"s" fg=Reset bg=Rgb(46, 58, 85) mod=NONE, 5:"e" fg=Reset bg=Rgb(46, 58, 85) mod=NONE, 6:"c" fg=Reset bg=Rgb(46, 58, 85) mod=NONE, 7:"o" fg=Reset bg=Rgb(46, 58, 85) mod=NONE, 8:"n" fg=Reset bg=Rgb(46, 58, 85) mod=NONE, 9:"d" fg=Reset bg=Rgb(46, 58, 85) mod=NONE, 10:" " fg=Reset bg=Rgb(46, 58, 85) mod=NONE, 11:"i" fg=Reset bg=Rgb(46, 58, 85) mod=NONE, 12:"t" fg=Reset bg=Rgb(46, 58, 85) mod=NONE, 13:"e" fg=Reset bg=Rgb(46, 58, 85) mod=NONE, 14:"m" fg=Reset bg=Rgb(46, 58, 85) mod=NONE, 15:" " fg=Reset bg=Rgb(46, 58, 85) mod=NONE
04: "│               " | 0:"│" fg=Rgb(74, 83, 102) bg=Reset mod=NONE, 2:" " fg=Reset bg=Rgb(46, 58, 85) mod=NONE, 3:" " fg=Reset bg=Rgb(46, 58, 85) mod=NONE, 4:" " fg=Reset bg=Rgb(46, 58, 85) mod=NONE, 5:" " fg=Reset bg=Rgb(46, 58, 85) mod=NONE, 6:" " fg=Reset bg=Rgb(46, 58, 85) mod=NONE, 7:" " fg=Reset bg=Rgb(46, 58, 85) mod=NONE, 8:" " fg=Reset bg=Rgb(46, 58, 85) mod=NONE, 9:" " fg=Reset bg=Rgb(46, 58, 85) mod=NONE, 10:" " fg=Reset bg=Rgb(46, 58, 85) mod=NONE, 11:" " fg=Reset bg=Rgb(46, 58, 85) mod=NONE, 12:" " fg=Reset bg=Rgb(46, 58, 85) mod=NONE, 13:" " fg=Reset bg=Rgb(46, 58, 85) mod=NONE, 14:" " fg=Reset bg=Rgb(46, 58, 85) mod=NONE, 15:" " fg=Reset bg=Rgb(46, 58, 85) mod=NONE
05: "│ Paragraph text" | 0:"│" fg=Rgb(74, 83, 102) bg=Reset mod=NONE, 2:"P" fg=Reset bg=Rgb(46, 58, 85) mod=NONE, 3:"a" fg=Reset bg=Rgb(46, 58, 85) mod=NONE, 4:"r" fg=Reset bg=Rgb(46, 58, 85) mod=NONE, 5:"a" fg=Reset bg=Rgb(46, 58, 85) mod=NONE, 6:"g" fg=Reset bg=Rgb(46, 58, 85) mod=NONE, 7:"r" fg=Reset bg=Rgb(46, 58, 85) mod=NONE, 8:"a" fg=Reset bg=Rgb(46, 58, 85) mod=NONE, 9:"p" fg=Reset bg=Rgb(46, 58, 85) mod=NONE, 10:"h" fg=Reset bg=Rgb(46, 58, 85) mod=NONE, 11:" " fg=Reset bg=Rgb(46, 58, 85) mod=NONE, 12:"t" fg=Reset bg=Rgb(46, 58, 85) mod=NONE, 13:"e" fg=Reset bg=Rgb(46, 58, 85) mod=NONE, 14:"x" fg=Reset bg=Rgb(46, 58, 85) mod=NONE, 15:"t" fg=Reset bg=Rgb(46, 58, 85) mod=NONE
06: "│ that should   " | 0:"│" fg=Rgb(74, 83, 102) bg=Reset mod=NONE, 2:"t" fg=Reset bg=Rgb(46, 58, 85) mod=NONE, 3:"h" fg=Reset bg=Rgb(46, 58, 85) mod=NONE, 4:"a" fg=Reset bg=Rgb(46, 58, 85) mod=NONE, 5:"t" fg=Reset bg=Rgb(46, 58, 85) mod=NONE, 6:" " fg=Reset bg=Rgb(46, 58, 85) mod=NONE, 7:"s" fg=Reset bg=Rgb(46, 58, 85) mod=NONE, 8:"h" fg=Reset bg=Rgb(46, 58, 85) mod=NONE, 9:"o" fg=Reset bg=Rgb(46, 58, 85) mod=NONE, 10:"u" fg=Reset bg=Rgb(46, 58, 85) mod=NONE, 11:"l" fg=Reset bg=Rgb(46, 58, 85) mod=NONE, 12:"d" fg=Reset bg=Rgb(46, 58, 85) mod=NONE, 13:" " fg=Reset bg=Rgb(46, 58, 85) mod=NONE, 14:" " fg=Reset bg=Rgb(46, 58, 85) mod=NONE, 15:" " fg=Reset bg=Rgb(46, 58, 85) mod=NONE
07: "│ wrap.         " | 0:"│" fg=Rgb(74, 83, 102) bg=Reset mod=NONE, 2:"w" fg=Reset bg=Rgb(46, 58, 85) mod=NONE, 3:"r" fg=Reset bg=Rgb(46, 58, 85) mod=NONE, 4:"a" fg=Reset bg=Rgb(46, 58, 85) mod=NONE, 5:"p" fg=Reset bg=Rgb(46, 58, 85) mod=NONE, 6:"." fg=Reset bg=Rgb(46, 58, 85) mod=NONE, 7:" " fg=Reset bg=Rgb(46, 58, 85) mod=NONE, 8:" " fg=Reset bg=Rgb(46, 58, 85) mod=NONE, 9:" " fg=Reset bg=Rgb(46, 58, 85) mod=NONE, 10:" " fg=Reset bg=Rgb(46, 58, 85) mod=NONE, 11:" " fg=Reset bg=Rgb(46, 58, 85) mod=NONE, 12:" " fg=Reset bg=Rgb(46, 58, 85) mod=NONE, 13:" " fg=Reset bg=Rgb(46, 58, 85) mod=NONE, 14:" " fg=Reset bg=Rgb(46, 58, 85) mod=NONE, 15:" " fg=Reset bg=Rgb(46, 58, 85) mod=NONE
08: "                "
