---
source: src/test_support.rs
assertion_line: 23
expression: describe_buffer(terminal.backend().buffer())
---
area=Rect { x: 0, y: 0, width: 40, height: 12 }
00: "                                        "
01: "                                        "
02: "                                        "
03: "          ┌──────────────────┐          " | 10:"┌" fg=Reset bg=Reset mod=NONE, 11:"─" fg=Reset bg=Reset mod=NONE, 12:"─" fg=Reset bg=Reset mod=NONE, 13:"─" fg=Reset bg=Reset mod=NONE, 14:"─" fg=Reset bg=Reset mod=NONE, 15:"─" fg=Reset bg=Reset mod=NONE, 16:"─" fg=Reset bg=Reset mod=NONE, 17:"─" fg=Reset bg=Reset mod=NONE, 18:"─" fg=Reset bg=Reset mod=NONE, 19:"─" fg=Reset bg=Reset mod=NONE, 20:"─" fg=Reset bg=Reset mod=NONE, 21:"─" fg=Reset bg=Reset mod=NONE, 22:"─" fg=Reset bg=Reset mod=NONE, 23:"─" fg=Reset bg=Reset mod=NONE, 24:"─" fg=Reset bg=Reset mod=NONE, 25:"─" fg=Reset bg=Reset mod=NONE, 26:"─" fg=Reset bg=Reset mod=NONE, 27:"─" fg=Reset bg=Reset mod=NONE, 28:"─" fg=Reset bg=Reset mod=NONE, 29:"┐" fg=Reset bg=Reset mod=NONE
04: "          │New               │          " | 10:"│" fg=Reset bg=Reset mod=NONE, 11:"N" fg=Reset bg=Reset mod=NONE, 12:"e" fg=Reset bg=Reset mod=NONE, 13:"w" fg=Reset bg=Reset mod=NONE, 29:"│" fg=Reset bg=Reset mod=NONE
05: "          │In Progress       │          " | 10:"│" fg=Reset bg=Reset mod=NONE, 11:"I" fg=Reset bg=Reset mod=NONE, 12:"n" fg=Reset bg=Reset mod=NONE, 14:"P" fg=Reset bg=Reset mod=NONE, 15:"r" fg=Reset bg=Reset mod=NONE, 16:"o" fg=Reset bg=Reset mod=NONE, 17:"g" fg=Reset bg=Reset mod=NONE, 18:"r" fg=Reset bg=Reset mod=NONE, 19:"e" fg=Reset bg=Reset mod=NONE, 20:"s" fg=Reset bg=Reset mod=NONE, 21:"s" fg=Reset bg=Reset mod=NONE, 29:"│" fg=Reset bg=Reset mod=NONE
06: "          │Waiting for extern│          " | 10:"│" fg=Reset bg=Reset mod=NONE, 11:"W" fg=Reset bg=Rgb(26, 51, 34) mod=NONE, 12:"a" fg=Reset bg=Rgb(26, 51, 34) mod=NONE, 13:"i" fg=Reset bg=Rgb(26, 51, 34) mod=NONE, 14:"t" fg=Reset bg=Rgb(26, 51, 34) mod=NONE, 15:"i" fg=Reset bg=Rgb(26, 51, 34) mod=NONE, 16:"n" fg=Reset bg=Rgb(26, 51, 34) mod=NONE, 17:"g" fg=Reset bg=Rgb(26, 51, 34) mod=NONE, 18:" " fg=Reset bg=Rgb(26, 51, 34) mod=NONE, 19:"f" fg=Reset bg=Rgb(26, 51, 34) mod=NONE, 20:"o" fg=Reset bg=Rgb(26, 51, 34) mod=NONE, 21:"r" fg=Reset bg=Rgb(26, 51, 34) mod=NONE, 22:" " fg=Reset bg=Rgb(26, 51, 34) mod=NONE, 23:"e" fg=Reset bg=Rgb(26, 51, 34) mod=NONE, 24:"x" fg=Reset bg=Rgb(26, 51, 34) mod=NONE, 25:"t" fg=Reset bg=Rgb(26, 51, 34) mod=NONE, 26:"e" fg=Reset bg=Rgb(26, 51, 34) mod=NONE, 27:"r" fg=Reset bg=Rgb(26, 51, 34) mod=NONE, 28:"n" fg=Reset bg=Rgb(26, 51, 34) mod=NONE, 29:"│" fg=Reset bg=Reset mod=NONE
07: "          │Closed            │          " | 10:"│" fg=Reset bg=Reset mod=NONE, 11:"C" fg=Reset bg=Reset mod=NONE, 12:"l" fg=Reset bg=Reset mod=NONE, 13:"o" fg=Reset bg=Reset mod=NONE, 14:"s" fg=Reset bg=Reset mod=NONE, 15:"e" fg=Reset bg=Reset mod=NONE, 16:"d" fg=Reset bg=Reset mod=NONE, 29:"│" fg=Reset bg=Reset mod=NONE
08: "          └──────────────────┘          " | 10:"└" fg=Reset bg=Reset mod=NONE, 11:"─" fg=Reset bg=Reset mod=NONE, 12:"─" fg=Reset bg=Reset mod=NONE, 13:"─" fg=Reset bg=Reset mod=NONE, 14:"─" fg=Reset bg=Reset mod=NONE, 15:"─" fg=Reset bg=Reset mod=NONE, 16:"─" fg=Reset bg=Reset mod=NONE, 17:"─" fg=Reset bg=Reset mod=NONE, 18:"─" fg=Reset bg=Reset mod=NONE, 19:"─" fg=Reset bg=Reset mod=NONE, 20:"─" fg=Reset bg=Reset mod=NONE, 21:"─" fg=Reset bg=Reset mod=NONE, 22:"─" fg=Reset bg=Reset mod=NONE, 23:"─" fg=Reset bg=Reset mod=NONE, 24:"─" fg=Reset bg=Reset mod=NONE, 25:"─" fg=Reset bg=Reset mod=NONE, 26:"─" fg=Reset bg=Reset mod=NONE, 27:"─" fg=Reset bg=Reset mod=NONE, 28:"─" fg=Reset bg=Reset mod=NONE, 29:"┘" fg=Reset bg=Reset mod=NONE
09: "                                        "
10: "                                        "
11: "                                        "
